
> panospace@2.0.0 build
> tsc && vite build

src/domain/posts/service.ts(25,29): error TS7016: Could not find a declaration file for module '../../firebase'. 'C:/Users/pjadl/Panospace/src/firebase.js' implicitly has an 'any' type.
src/domain/posts/service.ts(26,21): error TS2305: Module '"../../types"' has no exported member 'PostFormData'.
src/domain/posts/service.ts(26,45): error TS2305: Module '"../../types"' has no exported member 'CreatePostResult'.
src/domain/posts/service.ts(52,36): error TS7006: Parameter 'slide' implicitly has an 'any' type.
src/domain/posts/service.ts(102,24): error TS2352: Conversion of type '{ id: string; createdAt: Timestamp; authorId: string; authorName: string; authorPhotoURL: string | undefined; title: any; description: any; items: PostItem[]; tags: any; ... 4 more ...; commentsCount: number; }' to type 'Post' may be a mistake because neither type sufficiently overlaps with the other. If this was intentional, convert the expression to 'unknown' first.
  Type '{ id: string; createdAt: Timestamp; authorId: string; authorName: string; authorPhotoURL: string | undefined; title: any; description: any; items: PostItem[]; tags: any; ... 4 more ...; commentsCount: number; }' is missing the following properties from type 'Post': likeCount, shopLinked
src/domain/search/keywords.ts(64,26): error TS2345: Argument of type 'string | undefined' is not assignable to parameter of type 'string'.
  Type 'undefined' is not assignable to type 'string'.
src/domain/shop/pricing.ts(8,26): error TS2305: Module '"../../types"' has no exported member 'Earnings'.
src/domain/shop/pricing.ts(15,5): error TS2741: Property 'baseCostCents' is missing in type '{ id: string; label: string; price: number; artistEarningsCents: number; platformFeeCents: number; }' but required in type 'PrintSize'.
src/domain/shop/pricing.ts(22,5): error TS2741: Property 'baseCostCents' is missing in type '{ id: string; label: string; price: number; artistEarningsCents: number; platformFeeCents: number; }' but required in type 'PrintSize'.
src/domain/shop/pricing.ts(29,5): error TS2741: Property 'baseCostCents' is missing in type '{ id: string; label: string; price: number; artistEarningsCents: number; platformFeeCents: number; }' but required in type 'PrintSize'.
src/domain/shop/pricing.ts(36,5): error TS2741: Property 'baseCostCents' is missing in type '{ id: string; label: string; price: number; artistEarningsCents: number; platformFeeCents: number; }' but required in type 'PrintSize'.
src/domain/shop/pricing.ts(43,5): error TS2741: Property 'baseCostCents' is missing in type '{ id: string; label: string; price: number; artistEarningsCents: number; platformFeeCents: number; }' but required in type 'PrintSize'.
src/domain/shop/pricing.ts(50,5): error TS2741: Property 'baseCostCents' is missing in type '{ id: string; label: string; price: number; artistEarningsCents: number; platformFeeCents: number; }' but required in type 'PrintSize'.
src/domain/shop/service.ts(20,20): error TS7016: Could not find a declaration file for module '../../firebase'. 'C:/Users/pjadl/Panospace/src/firebase.js' implicitly has an 'any' type.
src/domain/shop/service.ts(21,52): error TS2305: Module '"../../types"' has no exported member 'Earnings'.
src/domain/shop/service.ts(21,52): error TS6196: 'Earnings' is declared but never used.
src/domain/shop/service.ts(41,15): error TS2322: Type '{ id: string; label: string; price: number; artistEarningsCents: any; platformFeeCents: any; }[]' is not assignable to type 'PrintSize[]'.
  Property 'baseCostCents' is missing in type '{ id: string; label: string; price: number; artistEarningsCents: any; platformFeeCents: any; }' but required in type 'PrintSize'.
src/test/feed.test.ts(7,21): error TS2305: Module '"../types"' has no exported member 'User'.
src/test/feed.test.ts(35,5): error TS2561: Object literal may only specify known properties, but 'likesCount' does not exist in type 'Post'. Did you mean to write 'likeCount'?
src/test/feed.test.ts(50,5): error TS2561: Object literal may only specify known properties, but 'likesCount' does not exist in type 'Post'. Did you mean to write 'likeCount'?
src/test/feed.test.ts(109,27): error TS2339: Property '_score' does not exist on type 'Post'.
src/test/feed.test.ts(109,62): error TS2339: Property '_score' does not exist on type 'Post'.
src/test/feed.test.ts(116,27): error TS2339: Property '_score' does not exist on type 'Post'.
src/test/feed.test.ts(117,34): error TS2339: Property '_score' does not exist on type 'Post'.
src/test/pricing.test.ts(44,28): error TS2345: Argument of type 'null' is not assignable to parameter of type 'string | number | undefined'.
src/test/setup.ts(15,1): error TS2304: Cannot find name 'vi'.
src/test/setup.ts(25,12): error TS2304: Cannot find name 'vi'.
src/test/setup.ts(25,39): error TS7006: Parameter 'query' implicitly has an 'any' type.
src/test/setup.ts(29,22): error TS2304: Cannot find name 'vi'.
src/test/setup.ts(30,25): error TS2304: Cannot find name 'vi'.
src/test/setup.ts(31,27): error TS2304: Cannot find name 'vi'.
src/test/setup.ts(32,30): error TS2304: Cannot find name 'vi'.
src/test/setup.ts(33,24): error TS2304: Cannot find name 'vi'.
src/utils/helpers.ts(108,5): error TS2322: Type 'T | undefined' is not assignable to type 'T'.
  'T' could be instantiated with an arbitrary type which could be unrelated to 'T | undefined'.
