
> panospace@0.0.0 test
> jest --verbose

PASS tests/login_import.test.jsx
  √ imports Login (10 ms)

PASS tests/Shop.test.js
  Shop System - Size Normalization
    √ should filter out invalid print sizes (12 ms)
    √ should keep all valid sizes (1 ms)
    √ should handle empty array
    √ should handle null/undefined (1 ms)
    √ should normalize labels from config
  Shop System - Price Calculations
    √ should calculate minimum price correctly
    √ should handle single size
    √ should return 0 for empty array (1 ms)
    √ should calculate 60/40 split correctly
    √ should handle decimal prices
  Shop System - Item Filtering
    √ should filter out items with no valid sizes
    √ should normalize sizes in filtered items (1 ms)
  Shop System - Edge Cases
    √ should handle items with empty printSizes array
    √ should handle items with null printSizes
    √ should preserve other item properties (1 ms)
  Shop System - Regression Tests
    √ should not allow sizes not in PRINT_SIZES config
    √ should handle duplicate size IDs (1 ms)

PASS tests/auth_context.test.jsx
  √ imports AuthProvider (11 ms)

PASS tests/simple.test.js
  √ simple math (10 ms)

PASS tests/react_sanity.test.jsx
  √ renders react component (36 ms)

FAIL tests/Feed.test.jsx
  Feed Component
    × renders loading state initially (34 ms)
    × renders posts after loading (2 ms)
    × renders empty state when no posts (1 ms)
    × switches tabs (2 ms)
    × passes accessibility check (2 ms)

  ● Feed Component › renders loading state initially

    TypeError: Cannot destructure property 'currentUser' of '(0 , _AuthContext.useAuth)(...)' as it is undefined.

    [0m [90m 10 |[39m     [36mconst[39m [loading[33m,[39m setLoading] [33m=[39m useState([36mtrue[39m)[33m;[39m
     [90m 11 |[39m     [36mconst[39m [postLimit[33m,[39m setPostLimit] [33m=[39m useState([35m10[39m)[33m;[39m
    [31m[1m>[22m[39m[90m 12 |[39m     [36mconst[39m { currentUser } [33m=[39m useAuth()[33m;[39m
     [90m    |[39m             [31m[1m^[22m[39m
     [90m 13 |[39m
     [90m 14 |[39m     [90m// User Preferences State[39m
     [90m 15 |[39m     [36mconst[39m [userDisciplines[33m,[39m setUserDisciplines] [33m=[39m useState({ main[33m:[39m [][33m,[39m niches[33m:[39m {} })[33m;[39m[0m

      at currentUser (src/pages/Feed.jsx:12:13)
      at Object.react_stack_bottom_frame (node_modules/react-dom/cjs/react-dom-client.development.js:25904:20)
      at renderWithHooks (node_modules/react-dom/cjs/react-dom-client.development.js:7662:22)
      at updateFunctionComponent (node_modules/react-dom/cjs/react-dom-client.development.js:10166:19)
      at beginWork (node_modules/react-dom/cjs/react-dom-client.development.js:11778:18)
      at runWithFiberInDEV (node_modules/react-dom/cjs/react-dom-client.development.js:874:13)
      at performUnitOfWork (node_modules/react-dom/cjs/react-dom-client.development.js:17641:22)
      at workLoopSync (node_modules/react-dom/cjs/react-dom-client.development.js:17469:41)
      at renderRootSync (node_modules/react-dom/cjs/react-dom-client.development.js:17450:11)
      at performWorkOnRoot (node_modules/react-dom/cjs/react-dom-client.development.js:16583:35)
      at performWorkOnRootViaSchedulerTask (node_modules/react-dom/cjs/react-dom-client.development.js:18957:7)
      at flushActQueue (node_modules/react/cjs/react.development.js:590:34)
      at Object.<anonymous>.process.env.NODE_ENV.exports.act (node_modules/react/cjs/react.development.js:884:10)
      at node_modules/@testing-library/react/dist/act-compat.js:47:25
      at renderRoot (node_modules/@testing-library/react/dist/pure.js:180:26)
      at render (node_modules/@testing-library/react/dist/pure.js:271:10)
      at Object.<anonymous> (tests/Feed.test.jsx:34:15)

  ● Feed Component › renders posts after loading

    TypeError: Cannot destructure property 'currentUser' of '(0 , _AuthContext.useAuth)(...)' as it is undefined.

    [0m [90m 10 |[39m     [36mconst[39m [loading[33m,[39m setLoading] [33m=[39m useState([36mtrue[39m)[33m;[39m
     [90m 11 |[39m     [36mconst[39m [postLimit[33m,[39m setPostLimit] [33m=[39m useState([35m10[39m)[33m;[39m
    [31m[1m>[22m[39m[90m 12 |[39m     [36mconst[39m { currentUser } [33m=[39m useAuth()[33m;[39m
     [90m    |[39m             [31m[1m^[22m[39m
     [90m 13 |[39m
     [90m 14 |[39m     [90m// User Preferences State[39m
     [90m 15 |[39m     [36mconst[39m [userDisciplines[33m,[39m setUserDisciplines] [33m=[39m useState({ main[33m:[39m [][33m,[39m niches[33m:[39m {} })[33m;[39m[0m

      at currentUser (src/pages/Feed.jsx:12:13)
      at Object.react_stack_bottom_frame (node_modules/react-dom/cjs/react-dom-client.development.js:25904:20)
      at renderWithHooks (node_modules/react-dom/cjs/react-dom-client.development.js:7662:22)
      at updateFunctionComponent (node_modules/react-dom/cjs/react-dom-client.development.js:10166:19)
      at beginWork (node_modules/react-dom/cjs/react-dom-client.development.js:11778:18)
      at runWithFiberInDEV (node_modules/react-dom/cjs/react-dom-client.development.js:874:13)
      at performUnitOfWork (node_modules/react-dom/cjs/react-dom-client.development.js:17641:22)
      at workLoopSync (node_modules/react-dom/cjs/react-dom-client.development.js:17469:41)
      at renderRootSync (node_modules/react-dom/cjs/react-dom-client.development.js:17450:11)
      at performWorkOnRoot (node_modules/react-dom/cjs/react-dom-client.development.js:16583:35)
      at performWorkOnRootViaSchedulerTask (node_modules/react-dom/cjs/react-dom-client.development.js:18957:7)
      at flushActQueue (node_modules/react/cjs/react.development.js:590:34)
      at Object.<anonymous>.process.env.NODE_ENV.exports.act (node_modules/react/cjs/react.development.js:884:10)
      at node_modules/@testing-library/react/dist/act-compat.js:47:25
      at renderRoot (node_modules/@testing-library/react/dist/pure.js:180:26)
      at render (node_modules/@testing-library/react/dist/pure.js:271:10)
      at Object.<anonymous> (tests/Feed.test.jsx:47:15)

  ● Feed Component › renders empty state when no posts

    TypeError: Cannot destructure property 'currentUser' of '(0 , _AuthContext.useAuth)(...)' as it is undefined.

    [0m [90m 10 |[39m     [36mconst[39m [loading[33m,[39m setLoading] [33m=[39m useState([36mtrue[39m)[33m;[39m
     [90m 11 |[39m     [36mconst[39m [postLimit[33m,[39m setPostLimit] [33m=[39m useState([35m10[39m)[33m;[39m
    [31m[1m>[22m[39m[90m 12 |[39m     [36mconst[39m { currentUser } [33m=[39m useAuth()[33m;[39m
     [90m    |[39m             [31m[1m^[22m[39m
     [90m 13 |[39m
     [90m 14 |[39m     [90m// User Preferences State[39m
     [90m 15 |[39m     [36mconst[39m [userDisciplines[33m,[39m setUserDisciplines] [33m=[39m useState({ main[33m:[39m [][33m,[39m niches[33m:[39m {} })[33m;[39m[0m

      at currentUser (src/pages/Feed.jsx:12:13)
      at Object.react_stack_bottom_frame (node_modules/react-dom/cjs/react-dom-client.development.js:25904:20)
      at renderWithHooks (node_modules/react-dom/cjs/react-dom-client.development.js:7662:22)
      at updateFunctionComponent (node_modules/react-dom/cjs/react-dom-client.development.js:10166:19)
      at beginWork (node_modules/react-dom/cjs/react-dom-client.development.js:11778:18)
      at runWithFiberInDEV (node_modules/react-dom/cjs/react-dom-client.development.js:874:13)
      at performUnitOfWork (node_modules/react-dom/cjs/react-dom-client.development.js:17641:22)
      at workLoopSync (node_modules/react-dom/cjs/react-dom-client.development.js:17469:41)
      at renderRootSync (node_modules/react-dom/cjs/react-dom-client.development.js:17450:11)
      at performWorkOnRoot (node_modules/react-dom/cjs/react-dom-client.development.js:16583:35)
      at performWorkOnRootViaSchedulerTask (node_modules/react-dom/cjs/react-dom-client.development.js:18957:7)
      at flushActQueue (node_modules/react/cjs/react.development.js:590:34)
      at Object.<anonymous>.process.env.NODE_ENV.exports.act (node_modules/react/cjs/react.development.js:884:10)
      at node_modules/@testing-library/react/dist/act-compat.js:47:25
      at renderRoot (node_modules/@testing-library/react/dist/pure.js:180:26)
      at render (node_modules/@testing-library/react/dist/pure.js:271:10)
      at Object.<anonymous> (tests/Feed.test.jsx:61:15)

  ● Feed Component › switches tabs

    TypeError: Cannot destructure property 'currentUser' of '(0 , _AuthContext.useAuth)(...)' as it is undefined.

    [0m [90m 10 |[39m     [36mconst[39m [loading[33m,[39m setLoading] [33m=[39m useState([36mtrue[39m)[33m;[39m
     [90m 11 |[39m     [36mconst[39m [postLimit[33m,[39m setPostLimit] [33m=[39m useState([35m10[39m)[33m;[39m
    [31m[1m>[22m[39m[90m 12 |[39m     [36mconst[39m { currentUser } [33m=[39m useAuth()[33m;[39m
     [90m    |[39m             [31m[1m^[22m[39m
     [90m 13 |[39m
     [90m 14 |[39m     [90m// User Preferences State[39m
     [90m 15 |[39m     [36mconst[39m [userDisciplines[33m,[39m setUserDisciplines] [33m=[39m useState({ main[33m:[39m [][33m,[39m niches[33m:[39m {} })[33m;[39m[0m

      at currentUser (src/pages/Feed.jsx:12:13)
      at Object.react_stack_bottom_frame (node_modules/react-dom/cjs/react-dom-client.development.js:25904:20)
      at renderWithHooks (node_modules/react-dom/cjs/react-dom-client.development.js:7662:22)
      at updateFunctionComponent (node_modules/react-dom/cjs/react-dom-client.development.js:10166:19)
      at beginWork (node_modules/react-dom/cjs/react-dom-client.development.js:11778:18)
      at runWithFiberInDEV (node_modules/react-dom/cjs/react-dom-client.development.js:874:13)
      at performUnitOfWork (node_modules/react-dom/cjs/react-dom-client.development.js:17641:22)
      at workLoopSync (node_modules/react-dom/cjs/react-dom-client.development.js:17469:41)
      at renderRootSync (node_modules/react-dom/cjs/react-dom-client.development.js:17450:11)
      at performWorkOnRoot (node_modules/react-dom/cjs/react-dom-client.development.js:16583:35)
      at performWorkOnRootViaSchedulerTask (node_modules/react-dom/cjs/react-dom-client.development.js:18957:7)
      at flushActQueue (node_modules/react/cjs/react.development.js:590:34)
      at Object.<anonymous>.process.env.NODE_ENV.exports.act (node_modules/react/cjs/react.development.js:884:10)
      at node_modules/@testing-library/react/dist/act-compat.js:47:25
      at renderRoot (node_modules/@testing-library/react/dist/pure.js:180:26)
      at render (node_modules/@testing-library/react/dist/pure.js:271:10)
      at Object.<anonymous> (tests/Feed.test.jsx:74:15)

  ● Feed Component › passes accessibility check

    TypeError: Cannot destructure property 'currentUser' of '(0 , _AuthContext.useAuth)(...)' as it is undefined.

    [0m [90m 10 |[39m     [36mconst[39m [loading[33m,[39m setLoading] [33m=[39m useState([36mtrue[39m)[33m;[39m
     [90m 11 |[39m     [36mconst[39m [postLimit[33m,[39m setPostLimit] [33m=[39m useState([35m10[39m)[33m;[39m
    [31m[1m>[22m[39m[90m 12 |[39m     [36mconst[39m { currentUser } [33m=[39m useAuth()[33m;[39m
     [90m    |[39m             [31m[1m^[22m[39m
     [90m 13 |[39m
     [90m 14 |[39m     [90m// User Preferences State[39m
     [90m 15 |[39m     [36mconst[39m [userDisciplines[33m,[39m setUserDisciplines] [33m=[39m useState({ main[33m:[39m [][33m,[39m niches[33m:[39m {} })[33m;[39m[0m

      at currentUser (src/pages/Feed.jsx:12:13)
      at Object.react_stack_bottom_frame (node_modules/react-dom/cjs/react-dom-client.development.js:25904:20)
      at renderWithHooks (node_modules/react-dom/cjs/react-dom-client.development.js:7662:22)
      at updateFunctionComponent (node_modules/react-dom/cjs/react-dom-client.development.js:10166:19)
      at beginWork (node_modules/react-dom/cjs/react-dom-client.development.js:11778:18)
      at runWithFiberInDEV (node_modules/react-dom/cjs/react-dom-client.development.js:874:13)
      at performUnitOfWork (node_modules/react-dom/cjs/react-dom-client.development.js:17641:22)
      at workLoopSync (node_modules/react-dom/cjs/react-dom-client.development.js:17469:41)
      at renderRootSync (node_modules/react-dom/cjs/react-dom-client.development.js:17450:11)
      at performWorkOnRoot (node_modules/react-dom/cjs/react-dom-client.development.js:16583:35)
      at performWorkOnRootViaSchedulerTask (node_modules/react-dom/cjs/react-dom-client.development.js:18957:7)
      at flushActQueue (node_modules/react/cjs/react.development.js:590:34)
      at Object.<anonymous>.process.env.NODE_ENV.exports.act (node_modules/react/cjs/react.development.js:884:10)
      at node_modules/@testing-library/react/dist/act-compat.js:47:25
      at renderRoot (node_modules/@testing-library/react/dist/pure.js:180:26)
      at render (node_modules/@testing-library/react/dist/pure.js:271:10)
      at Object.<anonymous> (tests/Feed.test.jsx:95:37)

FAIL tests/Profile.test.jsx
  ● Test suite failed to run

    Cannot find module '../components/Fullscreen Viewer' from 'src/pages/Profile.jsx'

    Require stack:
      src/pages/Profile.jsx
      tests/Profile.test.jsx

    [0m [90m  5 |[39m [36mimport[39m { useAuth } [36mfrom[39m [32m'../context/AuthContext'[39m[33m;[39m
     [90m  6 |[39m [36mimport[39m { [33mFaUserCircle[39m[33m,[39m [33mFaSignOutAlt[39m[33m,[39m [33mFaUserPlus[39m[33m,[39m [33mFaUserCheck[39m[33m,[39m [33mFaShoppingBag[39m[33m,[39m [33mFaImage[39m[33m,[39m [33mFaMapMarkerAlt[39m[33m,[39m [33mFaInfoCircle[39m[33m,[39m [33mFaTimes[39m[33m,[39m [33mFaLayerGroup[39m } [36mfrom[39m [32m'react-icons/fa'[39m[33m;[39m
    [31m[1m>[22m[39m[90m  7 |[39m [36mimport[39m [33mFullscreenViewer[39m [36mfrom[39m [32m'../components/Fullscreen Viewer'[39m[33m;[39m
     [90m    |[39m [31m[1m^[22m[39m
     [90m  8 |[39m [36mimport[39m { mockPODIntegration } [36mfrom[39m [32m'../utils/printfulApi'[39m[33m;[39m
     [90m  9 |[39m
     [90m 10 |[39m [90m// ✅ VALID PRINT SIZE IDS[39m[0m

      at Resolver._throwModNotFoundError (node_modules/jest-resolve/build/resolver.js:427:11)
      at Object.require (src/pages/Profile.jsx:7:1)
      at Object.require (tests/Profile.test.jsx:3:1)

FAIL tests/CreatePost.test.jsx
  ● Test suite failed to run

    Jest encountered an unexpected token

    Jest failed to parse a file. This happens e.g. when your code or its dependencies use non-standard JavaScript syntax, or when Jest is not configured to support such syntax.

    Out of the box Jest supports Babel, which will be used to transform your files into valid JS based on your Babel configuration.

    By default "node_modules" folder is ignored by transformers.

    Here's what you can do:
     • If you are trying to use ECMAScript Modules, see https://jestjs.io/docs/ecmascript-modules for how to enable it.
     • If you are trying to use TypeScript, see https://jestjs.io/docs/getting-started#using-typescript
     • To have some of your "node_modules" files transformed, you can specify a custom "transformIgnorePatterns" in your config.
     • If you need a custom transformation specify a "transform" option in your config.
     • If you simply want to mock your non-JS modules (e.g. binary assets) you can stub them out with the "moduleNameMapper" config option.

    You'll find more details and examples of these config options in the docs:
    https://jestjs.io/docs/configuration
    For information about custom transformations, see:
    https://jestjs.io/docs/code-transformation

    Details:

    C:\Users\pjadl\Panospace\src\utils\printfulApi.js:10
    const PRINTFUL_API_KEY = import.meta.env.VITE_PRINTFUL_API_KEY || '';
                                    ^^^^

    SyntaxError: Cannot use 'import.meta' outside a module

    [0m [90m  8 |[39m [36mimport[39m [33mExifReader[39m [36mfrom[39m [32m'exifreader'[39m[33m;[39m
     [90m  9 |[39m [36mimport[39m { [33mART_TYPES[39m } [36mfrom[39m [32m'../constants/artTypes'[39m[33m;[39m
    [31m[1m>[22m[39m[90m 10 |[39m [36mimport[39m { [33mPRINT_SIZES[39m[33m,[39m mockPODIntegration } [36mfrom[39m [32m'../utils/printfulApi'[39m[33m;[39m
     [90m    |[39m [31m[1m^[22m[39m
     [90m 11 |[39m [36mimport[39m { generateSearchKeywords } [36mfrom[39m [32m'../utils/searchKeywords'[39m[33m;[39m
     [90m 12 |[39m
     [90m 13 |[39m [36mconst[39m [33mPLATFORM_CUT[39m [33m=[39m [35m0.40[39m[33m;[39m [90m// 40% platform, 60% artist[39m[0m

      at Runtime.createScriptFromCode (node_modules/jest-runtime/build/index.js:1505:14)
      at Object.require (src/hooks/useCreatePost.js:10:1)
      at Object.require (src/pages/CreatePost.jsx:3:1)
      at Object.require (tests/CreatePost.test.jsx:3:1)

PASS tests/Login.test.jsx
  Login Component
    √ renders login form (102 ms)
    √ handles email/password login (98 ms)
    √ handles google login (74 ms)
    √ displays error on login failure (47 ms)
    √ passes accessibility check (76 ms)

  console.error
    An update to Search inside a test was not wrapped in act(...).
    
    When testing, code that causes React state updates should be wrapped into act(...):
    
    act(() => {
      /* fire events that update state */
    });
    /* assert on the output */
    
    This ensures that you're testing the behavior the user would see in the browser. Learn more at https://react.dev/link/wrap-tests-with-act

    [0m [90m 65 |[39m                     setHasMoreUsers([36mtrue[39m)[33m;[39m
     [90m 66 |[39m                 } [36melse[39m {
    [31m[1m>[22m[39m[90m 67 |[39m                     [36mif[39m ([33m![39misLoadMore) setHasMoreUsers([36mfalse[39m)[33m;[39m
     [90m    |[39m                                      [31m[1m^[22m[39m
     [90m 68 |[39m                 }
     [90m 69 |[39m             }
     [90m 70 |[39m[0m

      at node_modules/react-dom/cjs/react-dom-client.development.js:18758:19
      at runWithFiberInDEV (node_modules/react-dom/cjs/react-dom-client.development.js:874:13)
      at warnIfUpdatesNotWrappedWithActDEV (node_modules/react-dom/cjs/react-dom-client.development.js:18757:9)
      at scheduleUpdateOnFiber (node_modules/react-dom/cjs/react-dom-client.development.js:16409:11)
      at dispatchSetStateInternal (node_modules/react-dom/cjs/react-dom-client.development.js:9170:13)
      at dispatchSetState (node_modules/react-dom/cjs/react-dom-client.development.js:9127:7)
      at setHasMoreUsers (src/pages/Search.jsx:67:38)

  console.error
    An update to Search inside a test was not wrapped in act(...).
    
    When testing, code that causes React state updates should be wrapped into act(...):
    
    act(() => {
      /* fire events that update state */
    });
    /* assert on the output */
    
    This ensures that you're testing the behavior the user would see in the browser. Learn more at https://react.dev/link/wrap-tests-with-act

    [0m [90m 77 |[39m                     setHasMorePosts([36mtrue[39m)[33m;[39m
     [90m 78 |[39m                 } [36melse[39m {
    [31m[1m>[22m[39m[90m 79 |[39m                     [36mif[39m ([33m![39misLoadMore) setHasMorePosts([36mfalse[39m)[33m;[39m
     [90m    |[39m                                      [31m[1m^[22m[39m
     [90m 80 |[39m                 }
     [90m 81 |[39m             }
     [90m 82 |[39m[0m

      at node_modules/react-dom/cjs/react-dom-client.development.js:18758:19
      at runWithFiberInDEV (node_modules/react-dom/cjs/react-dom-client.development.js:874:13)
      at warnIfUpdatesNotWrappedWithActDEV (node_modules/react-dom/cjs/react-dom-client.development.js:18757:9)
      at scheduleUpdateOnFiber (node_modules/react-dom/cjs/react-dom-client.development.js:16409:11)
      at dispatchSetStateInternal (node_modules/react-dom/cjs/react-dom-client.development.js:9170:13)
      at dispatchSetState (node_modules/react-dom/cjs/react-dom-client.development.js:9127:7)
      at setHasMorePosts (src/pages/Search.jsx:79:38)

  console.error
    An update to Search inside a test was not wrapped in act(...).
    
    When testing, code that causes React state updates should be wrapped into act(...):
    
    act(() => {
      /* fire events that update state */
    });
    /* assert on the output */
    
    This ensures that you're testing the behavior the user would see in the browser. Learn more at https://react.dev/link/wrap-tests-with-act

    [0m [90m 88 |[39m                 }))[33m;[39m
     [90m 89 |[39m             } [36melse[39m {
    [31m[1m>[22m[39m[90m 90 |[39m                 setResults({
     [90m    |[39m                 [31m[1m^[22m[39m
     [90m 91 |[39m                     posts[33m:[39m postData[33m,[39m
     [90m 92 |[39m                     users[33m:[39m userData
     [90m 93 |[39m                 })[33m;[39m[0m

      at node_modules/react-dom/cjs/react-dom-client.development.js:18758:19
      at runWithFiberInDEV (node_modules/react-dom/cjs/react-dom-client.development.js:874:13)
      at warnIfUpdatesNotWrappedWithActDEV (node_modules/react-dom/cjs/react-dom-client.development.js:18757:9)
      at scheduleUpdateOnFiber (node_modules/react-dom/cjs/react-dom-client.development.js:16409:11)
      at dispatchSetStateInternal (node_modules/react-dom/cjs/react-dom-client.development.js:9170:13)
      at dispatchSetState (node_modules/react-dom/cjs/react-dom-client.development.js:9127:7)
      at setResults (src/pages/Search.jsx:90:17)

PASS tests/Signup.test.jsx
  Signup Component
    √ renders signup form (93 ms)
    √ handles successful signup (172 ms)
    √ shows error when passwords do not match (32 ms)
    √ displays error on signup failure (62 ms)
    √ passes accessibility check (75 ms)

FAIL tests/Search.test.jsx
  Search Component
    × renders search input (100 ms)
    × searches for posts (88 ms)
    × searches for users (36 ms)
    × displays no results message (21 ms)
    √ passes accessibility check (186 ms)

  ● Search Component › renders search input

    TestingLibraryElementError: Unable to find an element with the placeholder text of: Search Panospace...

    Ignored nodes: comments, script, style
    [36m<body>[39m
      [36m<div>[39m
        [36m<div[39m
          [33mstyle[39m=[32m"height: 100vh; width: 100vw; display: flex; background: rgb(0, 0, 0); color: rgb(255, 255, 255); overflow: hidden;"[39m
        [36m>[39m
          [36m<div[39m
            [33mstyle[39m=[32m"width: 320px; flex-shrink: 0; background: rgb(10, 10, 10); border-right: 1px solid #222; display: flex; flex-direction: column; z-index: 10;"[39m
          [36m>[39m
            [36m<div[39m
              [33mstyle[39m=[32m"padding: 1.5rem; border-bottom: 1px solid #222;"[39m
            [36m>[39m
              [36m<h2[39m
                [33mstyle[39m=[32m"font-size: 1.2rem; font-weight: 600; letter-spacing: 1px; margin-bottom: 1.5rem; display: flex; align-items: center; gap: 0.5rem;"[39m
              [36m>[39m
                [36m<svg[39m
                  [33mfill[39m=[32m"currentColor"[39m
                  [33mheight[39m=[32m"18"[39m
                  [33mstroke[39m=[32m"currentColor"[39m
                  [33mstroke-width[39m=[32m"0"[39m
                  [33mviewBox[39m=[32m"0 0 512 512"[39m
                  [33mwidth[39m=[32m"18"[39m
                  [33mxmlns[39m=[32m"http://www.w3.org/2000/svg"[39m
                [36m>[39m
                  [36m<path[39m
                    [33md[39m=[32m"M505 442.7L405.3 343c-4.5-4.5-10.6-7-17-7H372c27.6-35.3 44-79.7 44-128C416 93.1 322.9 0 208 0S0 93.1 0 208s93.1 208 208 208c48.3 0 92.7-16.4 128-44v16.3c0 6.4 2.5 12.5 7 17l99.7 99.7c9.4 9.4 24.6 9.4 33.9 0l28.3-28.3c9.4-9.4 9.4-24.6.1-34zM208 336c-70.7 0-128-57.2-128-128 0-70.7 57.2-128 128-128 70.7 0 128 57.2 128 128 0 70.7-57.2 128-128 128z"[39m
                  [36m/>[39m
                [36m</svg>[39m
                [0m SEARCH[0m
              [36m</h2>[39m
              [36m<div[39m
                [33mstyle[39m=[32m"display: flex; align-items: center; background: rgb(26, 26, 26); border-radius: 12px; padding: 0.8rem; border: 1px solid #333; margin-bottom: 1rem;"[39m
              [36m>[39m
                [36m<svg[39m
                  [33mcolor[39m=[32m"#666"[39m
                  [33mfill[39m=[32m"currentColor"[39m
                  [33mheight[39m=[32m"14"[39m
                  [33mstroke[39m=[32m"currentColor"[39m
                  [33mstroke-width[39m=[32m"0"[39m
                  [33mstyle[39m=[32m"color: rgb(102, 102, 102);"[39m
                  [33mviewBox[39m=[32m"0 0 512 512"[39m
                  [33mwidth[39m=[32m"14"[39m
                  [33mxmlns[39m=[32m"http://www.w3.org/2000/svg"[39m
                [36m>[39m
                  [36m<path[39m
                    [33md[39m=[32m"M505 442.7L405.3 343c-4.5-4.5-10.6-7-17-7H372c27.6-35.3 44-79.7 44-128C416 93.1 322.9 0 208 0S0 93.1 0 208s93.1 208 208 208c48.3 0 92.7-16.4 128-44v16.3c0 6.4 2.5 12.5 7 17l99.7 99.7c9.4 9.4 24.6 9.4 33.9 0l28.3-28.3c9.4-9.4 9.4-24.6.1-34zM208 336c-70.7 0-128-57.2-128-128 0-70.7 57.2-128 128-128 70.7 0 128 57.2 128 128 0 70.7-57.2 128-128 128z"[39m
                  [36m/>[39m
                [36m</svg>[39m
                [36m<input[39m
                  [33maria-label[39m=[32m"Search posts and users"[39m
                  [33mplaceholder[39m=[32m"Search..."[39m
                  [33mstyle[39m=[32m"background: transparent; color: rgb(255, 255, 255); margin-left: 0.8rem; width: 100%; font-size: 0.95rem; outline: none;"[39m
                  [33mtype[39m=[32m"text"[39m
                  [33mvalue[39m=[32m""[39m
                [36m/>[39m
              [36m</div>[39m
              [36m<div[39m
                [33mstyle[39m=[32m"display: flex; align-items: center; background: rgb(26, 26, 26); border-radius: 12px; padding: 0.8rem; border: 1px solid #333; margin-bottom: 1.5rem;"[39m
              [36m>[39m
                [36m<svg[39m
                  [33mcolor[39m=[32m"#666"[39m
                  [33mfill[39m=[32m"currentColor"[39m
                  [33mheight[39m=[32m"14"[39m
                  [33mstroke[39m=[32m"currentColor"[39m
                  [33mstroke-width[39m=[32m"0"[39m
                  [33mstyle[39m=[32m"color: rgb(102, 102, 102);"[39m
                  [33mviewBox[39m=[32m"0 0 384 512"[39m
                  [33mwidth[39m=[32m"14"[39m
                  [33mxmlns[39m=[32m"http://www.w3.org/2000/svg"[39m
                [36m>[39m
                  [36m<path[39m
                    [33md[39m=[32m"M172.268 501.67C26.97 291.031 0 269.413 0 192 0 85.961 85.961 0 192 0s192 85.961 192 192c0 77.413-26.97 99.031-172.268 309.67-9.535 13.774-29.93 13.773-39.464 0zM192 272c44.183 0 80-35.817 80-80s-35.817-80-80-80-80 35.817-80 80 35.817 80 80 80z"[39m
                  [36m/>[39m
                [36m</svg>[39m
                [36m<input[39m
                  [33maria-label[39m=[32m"Filter by location"[39m
                  [33mplaceholder[39m=[32m"Location (City, Country)"[39m
                  [33mstyle[39m=[32m"background: transparent; color: rgb(255, 255, 255); margin-left: 0.8rem; width: 100%; font-size: 0.95rem; outline: none;"[39m
                  [33mtype[39m=[32m"text"[39m
                  [33mvalue[39m=[32m""[39m
                [36m/>[39m
              [36m</div>[39m
              [36m<div[39m
                [33mstyle[39m=[32m"display: flex; gap: 0.5rem; margin-bottom: 1.5rem;"[39m
              [36m>[39m
                [36m<button[39m
                  [33mstyle[39m=[32m"flex: 1; padding: 0.6rem; background: rgb(255, 255, 255); color: rgb(0, 0, 0); border-radius: 8px; font-weight: 600; cursor: pointer; transition: all 0.2s; display: flex; align-items: center; justify-content: center; gap: 0.5rem; font-size: 0.85rem;"[39m
                [36m>[39m
                  [36m<svg[39m
                    [33mfill[39m=[32m"currentColor"[39m
                    [33mheight[39m=[32m"1em"[39m
                    [33mstroke[39m=[32m"currentColor"[39m
                    [33mstroke-width[39m=[32m"0"[39m
                    [33mviewBox[39m=[32m"0 0 512 512"[39m
                    [33mwidth[39m=[32m"1em"[39m
                    [33mxmlns[39m=[32m"http://www.w3.org/2000/svg"[39m
                  [36m>[39m
                    [36m<path[39m
                      [33md[39m=[32m"M505 442.7L405.3 343c-4.5-4.5-10.6-7-17-7H372c27.6-35.3 44-79.7 44-128C416 93.1 322.9 0 208 0S0 93.1 0 208s93.1 208 208 208c48.3 0 92.7-16.4 128-44v16.3c0 6.4 2.5 12.5 7 17l99.7 99.7c9.4 9.4 24.6 9.4 33.9 0l28.3-28.3c9.4-9.4 9.4-24.6.1-34zM208 336c-70.7 0-128-57.2-128-128 0-70.7 57.2-128 128-128 70.7 0 128 57.2 128 128 0 70.7-57.2 128-128 128z"[39m
                    [36m/>[39m
                  [36m</svg>[39m
                  [0m [0m
                  [0mAll[0m
                [36m</button>[39m
                [36m<button[39m
                  [33mstyle[39m=[32m"flex: 1; padding: 0.6rem; background: rgba(255, 255, 255, 0.05); color: rgb(170, 170, 170); border-radius: 8px; font-weight: 600; cursor: pointer; transition: all 0.2s; display: flex; align-items: center; justify-content: center; gap: 0.5rem; font-size: 0.85rem;"[39m
                [36m>[39m
                  [36m<svg[39m
                    [33mfill[39m=[32m"currentColo...

    [0m [90m 34 |[39m     test([32m'renders search input'[39m[33m,[39m () [33m=>[39m {
     [90m 35 |[39m         render([33m<[39m[33mSearch[39m [33m/[39m[33m>[39m)[33m;[39m
    [31m[1m>[22m[39m[90m 36 |[39m         expect(screen[33m.[39mgetByPlaceholderText([32m'Search Panospace...'[39m))[33m.[39mtoBeInTheDocument()[33m;[39m
     [90m    |[39m                       [31m[1m^[22m[39m
     [90m 37 |[39m     })[33m;[39m
     [90m 38 |[39m
     [90m 39 |[39m     test([32m'searches for posts'[39m[33m,[39m [36masync[39m () [33m=>[39m {[0m

      at Object.getElementError (node_modules/@testing-library/dom/dist/config.js:37:19)
      at node_modules/@testing-library/dom/dist/query-helpers.js:76:38
      at node_modules/@testing-library/dom/dist/query-helpers.js:52:17
      at node_modules/@testing-library/dom/dist/query-helpers.js:95:19
      at Object.getByPlaceholderText (tests/Search.test.jsx:36:23)

  ● Search Component › searches for posts

    TestingLibraryElementError: Unable to find an element with the placeholder text of: Search Panospace...

    Ignored nodes: comments, script, style
    [36m<body>[39m
      [36m<div>[39m
        [36m<div[39m
          [33mstyle[39m=[32m"height: 100vh; width: 100vw; display: flex; background: rgb(0, 0, 0); color: rgb(255, 255, 255); overflow: hidden;"[39m
        [36m>[39m
          [36m<div[39m
            [33mstyle[39m=[32m"width: 320px; flex-shrink: 0; background: rgb(10, 10, 10); border-right: 1px solid #222; display: flex; flex-direction: column; z-index: 10;"[39m
          [36m>[39m
            [36m<div[39m
              [33mstyle[39m=[32m"padding: 1.5rem; border-bottom: 1px solid #222;"[39m
            [36m>[39m
              [36m<h2[39m
                [33mstyle[39m=[32m"font-size: 1.2rem; font-weight: 600; letter-spacing: 1px; margin-bottom: 1.5rem; display: flex; align-items: center; gap: 0.5rem;"[39m
              [36m>[39m
                [36m<svg[39m
                  [33mfill[39m=[32m"currentColor"[39m
                  [33mheight[39m=[32m"18"[39m
                  [33mstroke[39m=[32m"currentColor"[39m
                  [33mstroke-width[39m=[32m"0"[39m
                  [33mviewBox[39m=[32m"0 0 512 512"[39m
                  [33mwidth[39m=[32m"18"[39m
                  [33mxmlns[39m=[32m"http://www.w3.org/2000/svg"[39m
                [36m>[39m
                  [36m<path[39m
                    [33md[39m=[32m"M505 442.7L405.3 343c-4.5-4.5-10.6-7-17-7H372c27.6-35.3 44-79.7 44-128C416 93.1 322.9 0 208 0S0 93.1 0 208s93.1 208 208 208c48.3 0 92.7-16.4 128-44v16.3c0 6.4 2.5 12.5 7 17l99.7 99.7c9.4 9.4 24.6 9.4 33.9 0l28.3-28.3c9.4-9.4 9.4-24.6.1-34zM208 336c-70.7 0-128-57.2-128-128 0-70.7 57.2-128 128-128 70.7 0 128 57.2 128 128 0 70.7-57.2 128-128 128z"[39m
                  [36m/>[39m
                [36m</svg>[39m
                [0m SEARCH[0m
              [36m</h2>[39m
              [36m<div[39m
                [33mstyle[39m=[32m"display: flex; align-items: center; background: rgb(26, 26, 26); border-radius: 12px; padding: 0.8rem; border: 1px solid #333; margin-bottom: 1rem;"[39m
              [36m>[39m
                [36m<svg[39m
                  [33mcolor[39m=[32m"#666"[39m
                  [33mfill[39m=[32m"currentColor"[39m
                  [33mheight[39m=[32m"14"[39m
                  [33mstroke[39m=[32m"currentColor"[39m
                  [33mstroke-width[39m=[32m"0"[39m
                  [33mstyle[39m=[32m"color: rgb(102, 102, 102);"[39m
                  [33mviewBox[39m=[32m"0 0 512 512"[39m
                  [33mwidth[39m=[32m"14"[39m
                  [33mxmlns[39m=[32m"http://www.w3.org/2000/svg"[39m
                [36m>[39m
                  [36m<path[39m
                    [33md[39m=[32m"M505 442.7L405.3 343c-4.5-4.5-10.6-7-17-7H372c27.6-35.3 44-79.7 44-128C416 93.1 322.9 0 208 0S0 93.1 0 208s93.1 208 208 208c48.3 0 92.7-16.4 128-44v16.3c0 6.4 2.5 12.5 7 17l99.7 99.7c9.4 9.4 24.6 9.4 33.9 0l28.3-28.3c9.4-9.4 9.4-24.6.1-34zM208 336c-70.7 0-128-57.2-128-128 0-70.7 57.2-128 128-128 70.7 0 128 57.2 128 128 0 70.7-57.2 128-128 128z"[39m
                  [36m/>[39m
                [36m</svg>[39m
                [36m<input[39m
                  [33maria-label[39m=[32m"Search posts and users"[39m
                  [33mplaceholder[39m=[32m"Search..."[39m
                  [33mstyle[39m=[32m"background: transparent; color: rgb(255, 255, 255); margin-left: 0.8rem; width: 100%; font-size: 0.95rem; outline: none;"[39m
                  [33mtype[39m=[32m"text"[39m
                  [33mvalue[39m=[32m""[39m
                [36m/>[39m
              [36m</div>[39m
              [36m<div[39m
                [33mstyle[39m=[32m"display: flex; align-items: center; background: rgb(26, 26, 26); border-radius: 12px; padding: 0.8rem; border: 1px solid #333; margin-bottom: 1.5rem;"[39m
              [36m>[39m
                [36m<svg[39m
                  [33mcolor[39m=[32m"#666"[39m
                  [33mfill[39m=[32m"currentColor"[39m
                  [33mheight[39m=[32m"14"[39m
                  [33mstroke[39m=[32m"currentColor"[39m
                  [33mstroke-width[39m=[32m"0"[39m
                  [33mstyle[39m=[32m"color: rgb(102, 102, 102);"[39m
                  [33mviewBox[39m=[32m"0 0 384 512"[39m
                  [33mwidth[39m=[32m"14"[39m
                  [33mxmlns[39m=[32m"http://www.w3.org/2000/svg"[39m
                [36m>[39m
                  [36m<path[39m
                    [33md[39m=[32m"M172.268 501.67C26.97 291.031 0 269.413 0 192 0 85.961 85.961 0 192 0s192 85.961 192 192c0 77.413-26.97 99.031-172.268 309.67-9.535 13.774-29.93 13.773-39.464 0zM192 272c44.183 0 80-35.817 80-80s-35.817-80-80-80-80 35.817-80 80 35.817 80 80 80z"[39m
                  [36m/>[39m
                [36m</svg>[39m
                [36m<input[39m
                  [33maria-label[39m=[32m"Filter by location"[39m
                  [33mplaceholder[39m=[32m"Location (City, Country)"[39m
                  [33mstyle[39m=[32m"background: transparent; color: rgb(255, 255, 255); margin-left: 0.8rem; width: 100%; font-size: 0.95rem; outline: none;"[39m
                  [33mtype[39m=[32m"text"[39m
                  [33mvalue[39m=[32m""[39m
                [36m/>[39m
              [36m</div>[39m
              [36m<div[39m
                [33mstyle[39m=[32m"display: flex; gap: 0.5rem; margin-bottom: 1.5rem;"[39m
              [36m>[39m
                [36m<button[39m
                  [33mstyle[39m=[32m"flex: 1; padding: 0.6rem; background: rgb(255, 255, 255); color: rgb(0, 0, 0); border-radius: 8px; font-weight: 600; cursor: pointer; transition: all 0.2s; display: flex; align-items: center; justify-content: center; gap: 0.5rem; font-size: 0.85rem;"[39m
                [36m>[39m
                  [36m<svg[39m
                    [33mfill[39m=[32m"currentColor"[39m
                    [33mheight[39m=[32m"1em"[39m
                    [33mstroke[39m=[32m"currentColor"[39m
                    [33mstroke-width[39m=[32m"0"[39m
                    [33mviewBox[39m=[32m"0 0 512 512"[39m
                    [33mwidth[39m=[32m"1em"[39m
                    [33mxmlns[39m=[32m"http://www.w3.org/2000/svg"[39m
                  [36m>[39m
                    [36m<path[39m
                      [33md[39m=[32m"M505 442.7L405.3 343c-4.5-4.5-10.6-7-17-7H372c27.6-35.3 44-79.7 44-128C416 93.1 322.9 0 208 0S0 93.1 0 208s93.1 208 208 208c48.3 0 92.7-16.4 128-44v16.3c0 6.4 2.5 12.5 7 17l99.7 99.7c9.4 9.4 24.6 9.4 33.9 0l28.3-28.3c9.4-9.4 9.4-24.6.1-34zM208 336c-70.7 0-128-57.2-128-128 0-70.7 57.2-128 128-128 70.7 0 128 57.2 128 128 0 70.7-57.2 128-128 128z"[39m
                    [36m/>[39m
                  [36m</svg>[39m
                  [0m [0m
                  [0mAll[0m
                [36m</button>[39m
                [36m<button[39m
                  [33mstyle[39m=[32m"flex: 1; padding: 0.6rem; background: rgba(255, 255, 255, 0.05); color: rgb(170, 170, 170); border-radius: 8px; font-weight: 600; cursor: pointer; transition: all 0.2s; display: flex; align-items: center; justify-content: center; gap: 0.5rem; font-size: 0.85rem;"[39m
                [36m>[39m
                  [36m<svg[39m
                    [33mfill[39m=[32m"currentColo...

    [0m [90m 53 |[39m         render([33m<[39m[33mSearch[39m [33m/[39m[33m>[39m)[33m;[39m
     [90m 54 |[39m
    [31m[1m>[22m[39m[90m 55 |[39m         [36mconst[39m input [33m=[39m screen[33m.[39mgetByPlaceholderText([32m'Search Panospace...'[39m)[33m;[39m
     [90m    |[39m                              [31m[1m^[22m[39m
     [90m 56 |[39m         fireEvent[33m.[39mchange(input[33m,[39m { target[33m:[39m { value[33m:[39m [32m'test'[39m } })[33m;[39m
     [90m 57 |[39m
     [90m 58 |[39m         [90m// Fast-forward debounce[39m[0m

      at Object.getElementError (node_modules/@testing-library/dom/dist/config.js:37:19)
      at node_modules/@testing-library/dom/dist/query-helpers.js:76:38
      at node_modules/@testing-library/dom/dist/query-helpers.js:52:17
      at node_modules/@testing-library/dom/dist/query-helpers.js:95:19
      at Object.getByPlaceholderText (tests/Search.test.jsx:55:30)

  ● Search Component › searches for users

    TestingLibraryElementError: Unable to find an element with the placeholder text of: Search Panospace...

    Ignored nodes: comments, script, style
    [36m<body>[39m
      [36m<div>[39m
        [36m<div[39m
          [33mstyle[39m=[32m"height: 100vh; width: 100vw; display: flex; background: rgb(0, 0, 0); color: rgb(255, 255, 255); overflow: hidden;"[39m
        [36m>[39m
          [36m<div[39m
            [33mstyle[39m=[32m"width: 320px; flex-shrink: 0; background: rgb(10, 10, 10); border-right: 1px solid #222; display: flex; flex-direction: column; z-index: 10;"[39m
          [36m>[39m
            [36m<div[39m
              [33mstyle[39m=[32m"padding: 1.5rem; border-bottom: 1px solid #222;"[39m
            [36m>[39m
              [36m<h2[39m
                [33mstyle[39m=[32m"font-size: 1.2rem; font-weight: 600; letter-spacing: 1px; margin-bottom: 1.5rem; display: flex; align-items: center; gap: 0.5rem;"[39m
              [36m>[39m
                [36m<svg[39m
                  [33mfill[39m=[32m"currentColor"[39m
                  [33mheight[39m=[32m"18"[39m
                  [33mstroke[39m=[32m"currentColor"[39m
                  [33mstroke-width[39m=[32m"0"[39m
                  [33mviewBox[39m=[32m"0 0 512 512"[39m
                  [33mwidth[39m=[32m"18"[39m
                  [33mxmlns[39m=[32m"http://www.w3.org/2000/svg"[39m
                [36m>[39m
                  [36m<path[39m
                    [33md[39m=[32m"M505 442.7L405.3 343c-4.5-4.5-10.6-7-17-7H372c27.6-35.3 44-79.7 44-128C416 93.1 322.9 0 208 0S0 93.1 0 208s93.1 208 208 208c48.3 0 92.7-16.4 128-44v16.3c0 6.4 2.5 12.5 7 17l99.7 99.7c9.4 9.4 24.6 9.4 33.9 0l28.3-28.3c9.4-9.4 9.4-24.6.1-34zM208 336c-70.7 0-128-57.2-128-128 0-70.7 57.2-128 128-128 70.7 0 128 57.2 128 128 0 70.7-57.2 128-128 128z"[39m
                  [36m/>[39m
                [36m</svg>[39m
                [0m SEARCH[0m
              [36m</h2>[39m
              [36m<div[39m
                [33mstyle[39m=[32m"display: flex; align-items: center; background: rgb(26, 26, 26); border-radius: 12px; padding: 0.8rem; border: 1px solid #333; margin-bottom: 1rem;"[39m
              [36m>[39m
                [36m<svg[39m
                  [33mcolor[39m=[32m"#666"[39m
                  [33mfill[39m=[32m"currentColor"[39m
                  [33mheight[39m=[32m"14"[39m
                  [33mstroke[39m=[32m"currentColor"[39m
                  [33mstroke-width[39m=[32m"0"[39m
                  [33mstyle[39m=[32m"color: rgb(102, 102, 102);"[39m
                  [33mviewBox[39m=[32m"0 0 512 512"[39m
                  [33mwidth[39m=[32m"14"[39m
                  [33mxmlns[39m=[32m"http://www.w3.org/2000/svg"[39m
                [36m>[39m
                  [36m<path[39m
                    [33md[39m=[32m"M505 442.7L405.3 343c-4.5-4.5-10.6-7-17-7H372c27.6-35.3 44-79.7 44-128C416 93.1 322.9 0 208 0S0 93.1 0 208s93.1 208 208 208c48.3 0 92.7-16.4 128-44v16.3c0 6.4 2.5 12.5 7 17l99.7 99.7c9.4 9.4 24.6 9.4 33.9 0l28.3-28.3c9.4-9.4 9.4-24.6.1-34zM208 336c-70.7 0-128-57.2-128-128 0-70.7 57.2-128 128-128 70.7 0 128 57.2 128 128 0 70.7-57.2 128-128 128z"[39m
                  [36m/>[39m
                [36m</svg>[39m
                [36m<input[39m
                  [33maria-label[39m=[32m"Search posts and users"[39m
                  [33mplaceholder[39m=[32m"Search..."[39m
                  [33mstyle[39m=[32m"background: transparent; color: rgb(255, 255, 255); margin-left: 0.8rem; width: 100%; font-size: 0.95rem; outline: none;"[39m
                  [33mtype[39m=[32m"text"[39m
                  [33mvalue[39m=[32m""[39m
                [36m/>[39m
              [36m</div>[39m
              [36m<div[39m
                [33mstyle[39m=[32m"display: flex; align-items: center; background: rgb(26, 26, 26); border-radius: 12px; padding: 0.8rem; border: 1px solid #333; margin-bottom: 1.5rem;"[39m
              [36m>[39m
                [36m<svg[39m
                  [33mcolor[39m=[32m"#666"[39m
                  [33mfill[39m=[32m"currentColor"[39m
                  [33mheight[39m=[32m"14"[39m
                  [33mstroke[39m=[32m"currentColor"[39m
                  [33mstroke-width[39m=[32m"0"[39m
                  [33mstyle[39m=[32m"color: rgb(102, 102, 102);"[39m
                  [33mviewBox[39m=[32m"0 0 384 512"[39m
                  [33mwidth[39m=[32m"14"[39m
                  [33mxmlns[39m=[32m"http://www.w3.org/2000/svg"[39m
                [36m>[39m
                  [36m<path[39m
                    [33md[39m=[32m"M172.268 501.67C26.97 291.031 0 269.413 0 192 0 85.961 85.961 0 192 0s192 85.961 192 192c0 77.413-26.97 99.031-172.268 309.67-9.535 13.774-29.93 13.773-39.464 0zM192 272c44.183 0 80-35.817 80-80s-35.817-80-80-80-80 35.817-80 80 35.817 80 80 80z"[39m
                  [36m/>[39m
                [36m</svg>[39m
                [36m<input[39m
                  [33maria-label[39m=[32m"Filter by location"[39m
                  [33mplaceholder[39m=[32m"Location (City, Country)"[39m
                  [33mstyle[39m=[32m"background: transparent; color: rgb(255, 255, 255); margin-left: 0.8rem; width: 100%; font-size: 0.95rem; outline: none;"[39m
                  [33mtype[39m=[32m"text"[39m
                  [33mvalue[39m=[32m""[39m
                [36m/>[39m
              [36m</div>[39m
              [36m<div[39m
                [33mstyle[39m=[32m"display: flex; gap: 0.5rem; margin-bottom: 1.5rem;"[39m
              [36m>[39m
                [36m<button[39m
                  [33mstyle[39m=[32m"flex: 1; padding: 0.6rem; background: rgba(255, 255, 255, 0.05); color: rgb(170, 170, 170); border-radius: 8px; font-weight: 600; cursor: pointer; transition: all 0.2s; display: flex; align-items: center; justify-content: center; gap: 0.5rem; font-size: 0.85rem;"[39m
                [36m>[39m
                  [36m<svg[39m
                    [33mfill[39m=[32m"currentColor"[39m
                    [33mheight[39m=[32m"1em"[39m
                    [33mstroke[39m=[32m"currentColor"[39m
                    [33mstroke-width[39m=[32m"0"[39m
                    [33mviewBox[39m=[32m"0 0 512 512"[39m
                    [33mwidth[39m=[32m"1em"[39m
                    [33mxmlns[39m=[32m"http://www.w3.org/2000/svg"[39m
                  [36m>[39m
                    [36m<path[39m
                      [33md[39m=[32m"M505 442.7L405.3 343c-4.5-4.5-10.6-7-17-7H372c27.6-35.3 44-79.7 44-128C416 93.1 322.9 0 208 0S0 93.1 0 208s93.1 208 208 208c48.3 0 92.7-16.4 128-44v16.3c0 6.4 2.5 12.5 7 17l99.7 99.7c9.4 9.4 24.6 9.4 33.9 0l28.3-28.3c9.4-9.4 9.4-24.6.1-34zM208 336c-70.7 0-128-57.2-128-128 0-70.7 57.2-128 128-128 70.7 0 128 57.2 128 128 0 70.7-57.2 128-128 128z"[39m
                    [36m/>[39m
                  [36m</svg>[39m
                  [0m [0m
                  [0mAll[0m
                [36m</button>[39m
                [36m<button[39m
                  [33mstyle[39m=[32m"flex: 1; padding: 0.6rem; background: rgba(255, 255, 255, 0.05); color: rgb(170, 170, 170); border-radius: 8px; font-weight: 600; cursor: pointer; transition: all 0.2s; display: flex; align-items: center; justify-content: center; gap: 0.5rem; font-size: 0.85rem;"[39m
                [36m>[39m
                  [36m<svg[39m
                    [33mfill[39m=[32m"currentColor"[39m
                    [33mheight[39m=[32m"1em"[39m
                    [33mstroke[39m=[32m"currentColor"[39m
                    [33mstroke-width[39m=[32m"0"[39m
                    [33mviewBox[39m=[32m"0 0 512 512"[39m
                    [33mwidth[39m=[32m"1em"[39m
                    [33mxmlns[39m=[32m"http://www.w3.org/2000/svg"[39m
                  [36m>[39m
                    [36m<path[39m
                      [33md[39m=[32m"M464 448H48c-26.51 0-48-21.49-48-48V112c0-26.51 21.49-48 48-48h416c26.51 0 48 21.49 48 48v288c0 26.51-21.49 48-48 48zM112 120c-30.928 0-56 25.072-56 56s25.072 56 56 56 56-25.072 56-56-25.072-56-56-56zM64 384h384V272l-87.515-87.515c-4.686-4.686-12.284-4.686-16.971 0L208 320l-55.515-55.515c-4.686-4.686-12.284-4.686-16.971 0L64 336v48z"[39m
                    [36m/>[39m
                  [36m</svg>[39m
                  [0m [0m
                  [0mPosts[0m
                [36m</button>[39m
                [36m<button[39m
                  [33mstyle[39m=[32m"flex: 1; padding: 0.6rem; background: rgb(255, 255, 255); color: rgb(0, 0, 0); border-radius: 8px; font-weight: 600; cursor: pointer; transition: all 0.2s; display: flex; align-items: center; justify-content: center; gap: 0.5rem; font-size: 0.85rem;"[39m
                [36m>[39m
                  [36m<svg[39m
                    [33mfill[39m=[32m"currentColor"[39m
                    [33mheight[39m=[32m"1em"[39m
                    [33mstroke[39m=[32m"currentColor"[39m
                    [33mstroke-width[39m=[32m"0"[39m
                    [33mviewBox[39m=[32m"0 0 448 512"[39m
                    [33mwidth[39m=[32m"1em"[39m
                    [33mxmlns[39m=[32m"http://www.w3.org/2000/svg"[39m
                  [36m>[39m
                    [36m<path[39m
                      [33md[39m=[32m"M224 256c70.7 0 128-57.3 128-128S294.7 0 224 0 96 57.3 96 128s57.3 128 128 128zm89.6 32h-16.7c-22.2 10.2-46.9 16-72.9 16s-50.6-5.8-72.9-16h-16.7C60.2 288 0 348.2 0 422.4V464c0 26.5 21.5 48 48 48h352c26.5 0 48-21.5 48-48v-41.6c0-74.2-60.2-134.4-134.4-134.4z"[39m
                    [36m/>[39m
                  [36m</svg>[39m
                  [0m [0m
                  [0mArtists[0m
                [36m</button>[39m
              [36m</div>[39m
            [36m</div>[39m
          [36m</div>[39m
          [36m<div[39m
            [33mstyle[39m=[32m"flex: 1; overflow-y: auto; padding: 1.5rem;"[39m
          [36m>[39m
            [36m<div[39m
              [33mstyle[39m=[32m"height: 100%; display: flex; flex-direction: column; align-items: center; justify-content: center; color: rgb(68, 68, 68);"[39m
            [36m>[39m
              [36m<svg[39m
                [33mfill[39m=[32m"currentColor"[39m
                [33mheight[39m=[32m"48"[39m
                [33mstroke[39m=[32m"currentColor"[39m
                [33mstroke-width[39m=[32m"0"[39m
                [33mstyle[39m=[32m"margin-bottom: 1rem; opacity: 0.3;"[39m
                [33mviewBox[39m=[32m"0 0 512 512"[39m
                [33mwidth[39m=[32m"48"[39m
                [33mxmlns[39m=[32m"http://www.w3.org/2000/svg"[39m
              [36m>[39m
                [36m<path[39m
                  [33md[39m=[32m"M505 442.7L405.3 343c-4.5-4.5-10.6-7-17-7H372c27.6-35.3 44-79.7 44-128C416 93.1 322.9 0 208 0S0 93.1 0 208s93.1 208 208 208c48.3 0 92.7-16.4 128-44v16.3c0 6.4 2.5 12.5 7 17l99.7 99.7c9.4 9.4 24.6 9.4 33.9 0l28.3-28.3c9.4-9.4 9.4-24.6.1-34zM208 336c-70.7 0-128-57.2-128-128 0-70.7 57.2-128 128-128 70.7 0 128 57.2 128 128 0 70.7-57.2 128-128 128z"[39m
                [36m/>[39m
              [36m</svg>[39m
              [36m<p>[39m
                [0mNo results found.[0m
              [36m</p>[39m
            [36m</div>[39m
            [36m<div[39m
              [33mstyle[39m=[32m"max-width: 1000px; margin: 0px auto;"[39m
            [36m/>[39m
          [36m</div>[39m
        [36m</div>[39m
      [36m</div>[39m
    [36m</body>[39m

    [0m [90m 86 |[39m         fireEvent[33m.[39mclick(screen[33m.[39mgetByText([32m'Artists'[39m))[33m;[39m
     [90m 87 |[39m
    [31m[1m>[22m[39m[90m 88 |[39m         [36mconst[39m input [33m=[39m screen[33m.[39mgetByPlaceholderText([32m'Search Panospace...'[39m)[33m;[39m
     [90m    |[39m                              [31m[1m^[22m[39m
     [90m 89 |[39m         fireEvent[33m.[39mchange(input[33m,[39m { target[33m:[39m { value[33m:[39m [32m'test'[39m } })[33m;[39m
     [90m 90 |[39m
     [90m 91 |[39m         [90m// Fast-forward debounce[39m[0m

      at Object.getElementError (node_modules/@testing-library/dom/dist/config.js:37:19)
      at node_modules/@testing-library/dom/dist/query-helpers.js:76:38
      at node_modules/@testing-library/dom/dist/query-helpers.js:52:17
      at node_modules/@testing-library/dom/dist/query-helpers.js:95:19
      at Object.getByPlaceholderText (tests/Search.test.jsx:88:30)

  ● Search Component › displays no results message

    TestingLibraryElementError: Unable to find an element with the placeholder text of: Search Panospace...

    Ignored nodes: comments, script, style
    [36m<body>[39m
      [36m<div>[39m
        [36m<div[39m
          [33mstyle[39m=[32m"height: 100vh; width: 100vw; display: flex; background: rgb(0, 0, 0); color: rgb(255, 255, 255); overflow: hidden;"[39m
        [36m>[39m
          [36m<div[39m
            [33mstyle[39m=[32m"width: 320px; flex-shrink: 0; background: rgb(10, 10, 10); border-right: 1px solid #222; display: flex; flex-direction: column; z-index: 10;"[39m
          [36m>[39m
            [36m<div[39m
              [33mstyle[39m=[32m"padding: 1.5rem; border-bottom: 1px solid #222;"[39m
            [36m>[39m
              [36m<h2[39m
                [33mstyle[39m=[32m"font-size: 1.2rem; font-weight: 600; letter-spacing: 1px; margin-bottom: 1.5rem; display: flex; align-items: center; gap: 0.5rem;"[39m
              [36m>[39m
                [36m<svg[39m
                  [33mfill[39m=[32m"currentColor"[39m
                  [33mheight[39m=[32m"18"[39m
                  [33mstroke[39m=[32m"currentColor"[39m
                  [33mstroke-width[39m=[32m"0"[39m
                  [33mviewBox[39m=[32m"0 0 512 512"[39m
                  [33mwidth[39m=[32m"18"[39m
                  [33mxmlns[39m=[32m"http://www.w3.org/2000/svg"[39m
                [36m>[39m
                  [36m<path[39m
                    [33md[39m=[32m"M505 442.7L405.3 343c-4.5-4.5-10.6-7-17-7H372c27.6-35.3 44-79.7 44-128C416 93.1 322.9 0 208 0S0 93.1 0 208s93.1 208 208 208c48.3 0 92.7-16.4 128-44v16.3c0 6.4 2.5 12.5 7 17l99.7 99.7c9.4 9.4 24.6 9.4 33.9 0l28.3-28.3c9.4-9.4 9.4-24.6.1-34zM208 336c-70.7 0-128-57.2-128-128 0-70.7 57.2-128 128-128 70.7 0 128 57.2 128 128 0 70.7-57.2 128-128 128z"[39m
                  [36m/>[39m
                [36m</svg>[39m
                [0m SEARCH[0m
              [36m</h2>[39m
              [36m<div[39m
                [33mstyle[39m=[32m"display: flex; align-items: center; background: rgb(26, 26, 26); border-radius: 12px; padding: 0.8rem; border: 1px solid #333; margin-bottom: 1rem;"[39m
              [36m>[39m
                [36m<svg[39m
                  [33mcolor[39m=[32m"#666"[39m
                  [33mfill[39m=[32m"currentColor"[39m
                  [33mheight[39m=[32m"14"[39m
                  [33mstroke[39m=[32m"currentColor"[39m
                  [33mstroke-width[39m=[32m"0"[39m
                  [33mstyle[39m=[32m"color: rgb(102, 102, 102);"[39m
                  [33mviewBox[39m=[32m"0 0 512 512"[39m
                  [33mwidth[39m=[32m"14"[39m
                  [33mxmlns[39m=[32m"http://www.w3.org/2000/svg"[39m
                [36m>[39m
                  [36m<path[39m
                    [33md[39m=[32m"M505 442.7L405.3 343c-4.5-4.5-10.6-7-17-7H372c27.6-35.3 44-79.7 44-128C416 93.1 322.9 0 208 0S0 93.1 0 208s93.1 208 208 208c48.3 0 92.7-16.4 128-44v16.3c0 6.4 2.5 12.5 7 17l99.7 99.7c9.4 9.4 24.6 9.4 33.9 0l28.3-28.3c9.4-9.4 9.4-24.6.1-34zM208 336c-70.7 0-128-57.2-128-128 0-70.7 57.2-128 128-128 70.7 0 128 57.2 128 128 0 70.7-57.2 128-128 128z"[39m
                  [36m/>[39m
                [36m</svg>[39m
                [36m<input[39m
                  [33maria-label[39m=[32m"Search posts and users"[39m
                  [33mplaceholder[39m=[32m"Search..."[39m
                  [33mstyle[39m=[32m"background: transparent; color: rgb(255, 255, 255); margin-left: 0.8rem; width: 100%; font-size: 0.95rem; outline: none;"[39m
                  [33mtype[39m=[32m"text"[39m
                  [33mvalue[39m=[32m""[39m
                [36m/>[39m
              [36m</div>[39m
              [36m<div[39m
                [33mstyle[39m=[32m"display: flex; align-items: center; background: rgb(26, 26, 26); border-radius: 12px; padding: 0.8rem; border: 1px solid #333; margin-bottom: 1.5rem;"[39m
              [36m>[39m
                [36m<svg[39m
                  [33mcolor[39m=[32m"#666"[39m
                  [33mfill[39m=[32m"currentColor"[39m
                  [33mheight[39m=[32m"14"[39m
                  [33mstroke[39m=[32m"currentColor"[39m
                  [33mstroke-width[39m=[32m"0"[39m
                  [33mstyle[39m=[32m"color: rgb(102, 102, 102);"[39m
                  [33mviewBox[39m=[32m"0 0 384 512"[39m
                  [33mwidth[39m=[32m"14"[39m
                  [33mxmlns[39m=[32m"http://www.w3.org/2000/svg"[39m
                [36m>[39m
                  [36m<path[39m
                    [33md[39m=[32m"M172.268 501.67C26.97 291.031 0 269.413 0 192 0 85.961 85.961 0 192 0s192 85.961 192 192c0 77.413-26.97 99.031-172.268 309.67-9.535 13.774-29.93 13.773-39.464 0zM192 272c44.183 0 80-35.817 80-80s-35.817-80-80-80-80 35.817-80 80 35.817 80 80 80z"[39m
                  [36m/>[39m
                [36m</svg>[39m
                [36m<input[39m
                  [33maria-label[39m=[32m"Filter by location"[39m
                  [33mplaceholder[39m=[32m"Location (City, Country)"[39m
                  [33mstyle[39m=[32m"background: transparent; color: rgb(255, 255, 255); margin-left: 0.8rem; width: 100%; font-size: 0.95rem; outline: none;"[39m
                  [33mtype[39m=[32m"text"[39m
                  [33mvalue[39m=[32m""[39m
                [36m/>[39m
              [36m</div>[39m
              [36m<div[39m
                [33mstyle[39m=[32m"display: flex; gap: 0.5rem; margin-bottom: 1.5rem;"[39m
              [36m>[39m
                [36m<button[39m
                  [33mstyle[39m=[32m"flex: 1; padding: 0.6rem; background: rgb(255, 255, 255); color: rgb(0, 0, 0); border-radius: 8px; font-weight: 600; cursor: pointer; transition: all 0.2s; display: flex; align-items: center; justify-content: center; gap: 0.5rem; font-size: 0.85rem;"[39m
                [36m>[39m
                  [36m<svg[39m
                    [33mfill[39m=[32m"currentColor"[39m
                    [33mheight[39m=[32m"1em"[39m
                    [33mstroke[39m=[32m"currentColor"[39m
                    [33mstroke-width[39m=[32m"0"[39m
                    [33mviewBox[39m=[32m"0 0 512 512"[39m
                    [33mwidth[39m=[32m"1em"[39m
                    [33mxmlns[39m=[32m"http://www.w3.org/2000/svg"[39m
                  [36m>[39m
                    [36m<path[39m
                      [33md[39m=[32m"M505 442.7L405.3 343c-4.5-4.5-10.6-7-17-7H372c27.6-35.3 44-79.7 44-128C416 93.1 322.9 0 208 0S0 93.1 0 208s93.1 208 208 208c48.3 0 92.7-16.4 128-44v16.3c0 6.4 2.5 12.5 7 17l99.7 99.7c9.4 9.4 24.6 9.4 33.9 0l28.3-28.3c9.4-9.4 9.4-24.6.1-34zM208 336c-70.7 0-128-57.2-128-128 0-70.7 57.2-128 128-128 70.7 0 128 57.2 128 128 0 70.7-57.2 128-128 128z"[39m
                    [36m/>[39m
                  [36m</svg>[39m
                  [0m [0m
                  [0mAll[0m
                [36m</button>[39m
                [36m<button[39m
                  [33mstyle[39m=[32m"flex: 1; padding: 0.6rem; background: rgba(255, 255, 255, 0.05); color: rgb(170, 170, 170); border-radius: 8px; font-weight: 600; cursor: pointer; transition: all 0.2s; display: flex; align-items: center; justify-content: center; gap: 0.5rem; font-size: 0.85rem;"[39m
                [36m>[39m
                  [36m<svg[39m
                    [33mfill[39m=[32m"currentColo...

    [0m [90m 108 |[39m         render([33m<[39m[33mSearch[39m [33m/[39m[33m>[39m)[33m;[39m
     [90m 109 |[39m
    [31m[1m>[22m[39m[90m 110 |[39m         [36mconst[39m input [33m=[39m screen[33m.[39mgetByPlaceholderText([32m'Search Panospace...'[39m)[33m;[39m
     [90m     |[39m                              [31m[1m^[22m[39m
     [90m 111 |[39m         fireEvent[33m.[39mchange(input[33m,[39m { target[33m:[39m { value[33m:[39m [32m'unknown'[39m } })[33m;[39m
     [90m 112 |[39m
     [90m 113 |[39m         [90m// Fast-forward debounce[39m[0m

      at Object.getElementError (node_modules/@testing-library/dom/dist/config.js:37:19)
      at node_modules/@testing-library/dom/dist/query-helpers.js:76:38
      at node_modules/@testing-library/dom/dist/query-helpers.js:52:17
      at node_modules/@testing-library/dom/dist/query-helpers.js:95:19
      at Object.getByPlaceholderText (tests/Search.test.jsx:110:30)

Test Suites: 4 failed, 7 passed, 11 total
Tests:       9 failed, 32 passed, 41 total
Snapshots:   0 total
Time:        4.783 s
Ran all test suites.
